ds3231_for_stm32_hal.c:16:6:DS3231_Init_B	16	static
ds3231_for_stm32_hal.c:30:6:DS3231_SetRegByte_B	32	static
ds3231_for_stm32_hal.c:40:9:DS3231_GetRegByte_B	32	static
ds3231_for_stm32_hal.c:51:6:DS3231_EnableBatterySquareWave_B	24	static
ds3231_for_stm32_hal.c:60:6:DS3231_SetInterruptMode_B	24	static
ds3231_for_stm32_hal.c:69:6:DS3231_SetRateSelect_B	24	static
ds3231_for_stm32_hal.c:78:6:DS3231_EnableOscillator_B	24	static
ds3231_for_stm32_hal.c:87:6:DS3231_EnableAlarm2_B	24	static
ds3231_for_stm32_hal.c:96:6:DS3231_ClearAlarm2Flag_B	16	static
ds3231_for_stm32_hal.c:105:6:DS3231_SetAlarm2Minute_B	24	static
ds3231_for_stm32_hal.c:115:6:DS3231_SetAlarm2Hour_B	24	static
ds3231_for_stm32_hal.c:125:6:DS3231_SetAlarm2Date_B	24	static
ds3231_for_stm32_hal.c:135:6:DS3231_SetAlarm2Day_B	24	static
ds3231_for_stm32_hal.c:145:6:DS3231_SetAlarm2Mode_B	24	static
ds3231_for_stm32_hal.c:159:6:DS3231_EnableAlarm1_B	24	static
ds3231_for_stm32_hal.c:168:6:DS3231_ClearAlarm1Flag_B	16	static
ds3231_for_stm32_hal.c:177:6:DS3231_SetAlarm1Second_B	24	static
ds3231_for_stm32_hal.c:187:6:DS3231_SetAlarm1Minute_B	24	static
ds3231_for_stm32_hal.c:197:6:DS3231_SetAlarm1Hour_B	24	static
ds3231_for_stm32_hal.c:207:6:DS3231_SetAlarm1Date_B	24	static
ds3231_for_stm32_hal.c:217:6:DS3231_SetAlarm1Day_B	24	static
ds3231_for_stm32_hal.c:227:6:DS3231_SetAlarm1Mode_B	24	static
ds3231_for_stm32_hal.c:243:9:DS3231_IsOscillatorStopped_B	8	static
ds3231_for_stm32_hal.c:251:9:DS3231_Is32kHzEnabled_B	8	static
ds3231_for_stm32_hal.c:259:9:DS3231_IsAlarm1Triggered_B	8	static
ds3231_for_stm32_hal.c:267:9:DS3231_IsAlarm2Triggered_B	8	static
ds3231_for_stm32_hal.c:275:9:DS3231_GetDayOfWeek_B	8	static
ds3231_for_stm32_hal.c:283:9:DS3231_GetDate_B	8	static
ds3231_for_stm32_hal.c:291:9:DS3231_GetMonth_B	8	static
ds3231_for_stm32_hal.c:299:10:DS3231_GetYear_B	16	static
ds3231_for_stm32_hal.c:309:9:DS3231_GetHour_B	8	static
ds3231_for_stm32_hal.c:317:9:DS3231_GetMinute_B	8	static
ds3231_for_stm32_hal.c:325:9:DS3231_GetSecond_B	8	static
ds3231_for_stm32_hal.c:333:6:DS3231_SetDayOfWeek_B	16	static
ds3231_for_stm32_hal.c:341:6:DS3231_SetDate_B	16	static
ds3231_for_stm32_hal.c:349:6:DS3231_SetMonth_B	24	static
ds3231_for_stm32_hal.c:358:6:DS3231_SetYear_B	24	static
ds3231_for_stm32_hal.c:369:6:DS3231_SetHour_B	16	static
ds3231_for_stm32_hal.c:377:6:DS3231_SetMinute_B	16	static
ds3231_for_stm32_hal.c:385:6:DS3231_SetSecond_B	16	static
ds3231_for_stm32_hal.c:395:6:DS3231_SetFullTime_B	16	static
ds3231_for_stm32_hal.c:408:6:DS3231_SetFullDate_B	24	static
ds3231_for_stm32_hal.c:420:9:DS3231_DecodeBCD_B	16	static
ds3231_for_stm32_hal.c:429:9:DS3231_EncodeBCD_B	16	static
ds3231_for_stm32_hal.c:437:6:DS3231_Enable32kHzOutput_B	24	static
ds3231_for_stm32_hal.c:446:8:DS3231_GetTemperatureInteger_B	8	static
ds3231_for_stm32_hal.c:454:9:DS3231_GetTemperatureFraction_B	8	static
