main.c:334:5:main	8	static
main.c:476:6:SystemClock_Config	240	static
main.c:548:13:MX_NVIC_Init	8	static
main.c:566:13:MX_I2C1_Init	8	static
main.c:612:13:MX_I2C2_Init	8	static
main.c:658:13:MX_I2C3_Init	8	static
main.c:704:13:MX_I2C4_Init	8	static
main.c:750:13:MX_IWDG_Init	8	static
main.c:779:13:MX_LPUART1_UART_Init	8	static
main.c:813:13:MX_UART4_Init	8	static
main.c:848:13:MX_USART1_UART_Init	8	static
main.c:883:13:MX_USART2_UART_Init	8	static
main.c:918:13:MX_RTC_Init	80	static
main.c:998:13:MX_DMA_Init	16	static
main.c:1026:13:MX_GPIO_Init	56	static
main.c:1168:6:HAL_UART_RxCpltCallback	16	static
main.c:1191:6:HAL_UART_ErrorCallback	16	static
main.c:1211:6:HAL_GPIO_EXTI_Callback	16	static
main.c:1226:6:HAL_RTCEx_WakeUpTimerEventCallback	16	static
main.c:1234:6:HAL_RTC_AlarmAEventCallback	16	static
main.c:1239:6:HAL_RTC_AlarmBEventCallback	16	static
main.c:1242:6:setNextalarmA	64	static
main.c:1272:6:StartOperationTask	144	static
main.c:1489:6:StartIridiumTask	24	static
main.c:1522:6:StartGpsTask	24	static
main.c:1591:6:StartUsbTask	24	static
main.c:1623:6:StartSendIridiumTask	32	static
main.c:1672:6:StartWatchdogTask	24	static
main.c:1760:6:StartIridiumrecvTask	128	static
main.c:1797:6:HAL_TIM_PeriodElapsedCallback	16	static
main.c:1814:6:Error_Handler	4	static
main.c:1834:6:assert_failed	16	static
