TEWSrtc.c:31:6:DS3231_Init	16	static
TEWSrtc.c:35:6:DS3231_GetTime	32	static
TEWSrtc.c:54:6:DS3231_GetTime_B	32	static
TEWSrtc.c:73:10:TM_RTC_GetUnixTimeStamp	32	static
TEWSrtc.c:100:6:TM_RTC_GetDateTimeFromUnix	24	static
TEWSrtc.c:162:6:DS3231_SetTime	40	static
TEWSrtc.c:174:6:DS3231_SetTime_B	40	static
TEWSrtc.c:186:6:DS3231_ReadTemperature	40	static
TEWSrtc.c:203:6:DS3231_SetAlarm1	48	static
TEWSrtc.c:251:6:DS3231_SetAlarm1_B	48	static
TEWSrtc.c:299:6:DS3231_SetAlarm2_B	48	static
TEWSrtc.c:335:6:DS3231_ClearAlarm1	16	static
TEWSrtc.c:353:6:DS3231_ClearAlarm1_B	16	static
TEWSrtc.c:371:6:DS3231_ClearAlarm2_B	16	static
TEWSrtc.c:389:6:DS3231_ResetAlarm1_A	16	static
TEWSrtc.c:400:6:DS3231_ResetAlarm1_B	16	static
TEWSrtc.c:411:6:DS3231_ResetAlarm2_B	16	static
TEWSrtc.c:422:6:ReadRegister	24	static
TEWSrtc.c:430:6:ReadRegister_B	24	static
TEWSrtc.c:438:6:WriteRegister	32	static
TEWSrtc.c:446:6:WriteRegister_B	32	static
TEWSrtc.c:454:16:B2D	16	static
TEWSrtc.c:459:16:D2B	16	static
TEWSrtc.c:464:6:SetTimeRTC	32	static
TEWSrtc.c:476:6:SetTimeRTC_B	32	static
